--------- beginning of main
03-21 16:08:41.595 31567 31588 D         : HostConnection::get() New Host Connection established 0xd2eb75c0, tid 31588
03-21 16:08:41.599 31567 31588 D         : HostComposition ext ANDROID_EMU_CHECKSUM_HELPER_v1 ANDROID_EMU_dma_v1 ANDROID_EMU_direct_mem ANDROID_EMU_host_composition_v1 ANDROID_EMU_host_composition_v2 ANDROID_EMU_vulkan ANDROID_EMU_deferred_vulkan_commands ANDROID_EMU_vulkan_create_resources_with_requirements ANDROID_EMU_async_unmap_buffer ANDROID_EMU_vulkan_free_memory_sync ANDROID_EMU_vulkan_shader_float16_int8 ANDROID_EMU_vulkan_async_queue_submit GL_OES_vertex_array_object GL_KHR_texture_compression_astc_ldr ANDROID_EMU_host_side_tracing ANDROID_EMU_async_frame_commands ANDROID_EMU_gles_max_version_2 
03-21 16:08:41.603 31567 31588 W OpenGLRenderer: Failed to choose config with EGL_SWAP_BEHAVIOR_PRESERVED, retrying without...
03-21 16:08:41.604 31567 31588 D eglCodecCommon: setVertexArrayObject: set vao to 0 (0) 0 0
03-21 16:08:41.604 31567 31588 D EGL_emulation: eglCreateContext: 0xd2eba860: maj 2 min 0 rcv 2
03-21 16:08:41.618 31567 31594 W unknown:ViewManagerPropertyUpdater: Could not find generated setter for class com.facebook.react.views.picker.ReactDialogPickerManager
03-21 16:08:41.620 31567 31594 W unknown:ViewManagerPropertyUpdater: Could not find generated setter for class com.facebook.react.uimanager.j
03-21 16:08:41.621 31567 31594 W unknown:ViewManagerPropertyUpdater: Could not find generated setter for class com.facebook.react.views.drawer.ReactDrawerLayoutManager
03-21 16:08:41.634 31567 31594 W unknown:ViewManagerPropertyUpdater: Could not find generated setter for class com.facebook.react.views.picker.ReactDropdownPickerManager
03-21 16:08:41.634 31567 31594 W unknown:ViewManagerPropertyUpdater: Could not find generated setter for class com.facebook.react.views.scroll.ReactHorizontalScrollViewManager
03-21 16:08:41.636 31567 31594 W unknown:ViewManagerPropertyUpdater: Could not find generated setter for class com.facebook.react.views.scroll.ReactHorizontalScrollContainerViewManager
03-21 16:08:41.637 31567 31594 W unknown:ViewManagerPropertyUpdater: Could not find generated setter for class com.facebook.react.views.progressbar.ReactProgressBarViewManager
03-21 16:08:41.637 31567 31594 W unknown:ViewManagerPropertyUpdater: Could not find generated setter for class com.facebook.react.views.progressbar.b
03-21 16:08:41.638 31567 31594 W unknown:ViewManagerPropertyUpdater: Could not find generated setter for class com.facebook.react.views.scroll.ReactScrollViewManager
03-21 16:08:41.639 31567 31594 W unknown:ViewManagerPropertyUpdater: Could not find generated setter for class com.facebook.react.views.slider.ReactSliderManager
03-21 16:08:41.640 31567 31594 W unknown:ViewManagerPropertyUpdater: Could not find generated setter for class com.facebook.react.views.slider.ReactSliderManager$c
03-21 16:08:41.640 31567 31594 W unknown:ViewManagerPropertyUpdater: Could not find generated setter for class com.facebook.react.views.switchview.ReactSwitchManager
03-21 16:08:41.642 31567 31594 W unknown:ViewManagerPropertyUpdater: Could not find generated setter for class com.facebook.react.views.switchview.ReactSwitchManager$b
03-21 16:08:41.642 31567 31594 W unknown:ViewManagerPropertyUpdater: Could not find generated setter for class com.facebook.react.views.swiperefresh.SwipeRefreshLayoutManager
03-21 16:08:41.643 31567 31594 W unknown:ViewManagerPropertyUpdater: Could not find generated setter for class com.facebook.react.views.text.frescosupport.FrescoBasedReactTextInlineImageViewManager
03-21 16:08:41.643 31567 31594 W unknown:ViewManagerPropertyUpdater: Could not find generated setter for class com.facebook.react.views.text.frescosupport.a
03-21 16:08:41.648 31567 31588 D EGL_emulation: eglMakeCurrent: 0xd2eba860: ver 2 0 (tinfo 0xd2f5fef0)
03-21 16:08:41.651  1634  1750 D gralloc_ranchu: gralloc_alloc: Creating ashmem region of size 14749696
03-21 16:08:41.653 31567 31594 W unknown:ViewManagerPropertyUpdater: Could not find generated setter for class com.facebook.react.views.image.ReactImageManager
03-21 16:08:41.655 31567 31594 W unknown:ViewManagerPropertyUpdater: Could not find generated setter for class com.facebook.react.views.modal.ReactModalHostManager
03-21 16:08:41.655 31567 31594 W unknown:ViewManagerPropertyUpdater: Could not find generated setter for class com.facebook.react.views.modal.b
03-21 16:08:41.655 31567 31594 W unknown:ViewManagerPropertyUpdater: Could not find generated setter for class com.facebook.react.views.text.ReactRawTextManager
03-21 16:08:41.656 31567 31594 W unknown:ViewManagerPropertyUpdater: Could not find generated setter for class com.facebook.react.views.text.l
03-21 16:08:41.656 31567 31594 W unknown:ViewManagerPropertyUpdater: Could not find generated setter for class com.facebook.react.views.textinput.ReactTextInputManager
03-21 16:08:41.658 31567 31594 W unknown:ViewManagerPropertyUpdater: Could not find generated setter for class com.facebook.react.views.textinput.m
03-21 16:08:41.659  1519  1519 I hwservicemanager: getTransport: Cannot find entry android.hardware.graphics.mapper@3.0::IMapper/default in either framework or device manifest.
03-21 16:08:41.659 31567 31588 W Gralloc3: mapper 3.x is not supported
03-21 16:08:41.660 31567 31594 W unknown:ViewManagerPropertyUpdater: Could not find generated setter for class com.facebook.react.views.text.ReactTextViewManager
03-21 16:08:41.662 31567 31594 W unknown:ViewManagerPropertyUpdater: Could not find generated setter for class com.facebook.react.views.text.q
03-21 16:08:41.662 31567 31594 W unknown:ViewManagerPropertyUpdater: Could not find generated setter for class com.facebook.react.views.view.ReactViewManager
03-21 16:08:41.664 31567 31594 W unknown:ViewManagerPropertyUpdater: Could not find generated setter for class com.facebook.react.views.text.ReactVirtualTextViewManager
03-21 16:08:41.665 31567 31594 W unknown:ViewManagerPropertyUpdater: Could not find generated setter for class com.facebook.react.views.text.w
03-21 16:08:41.666 31567 31594 W unknown:ViewManagerPropertyUpdater: Could not find generated setter for class com.facebook.react.views.unimplementedview.ReactUnimplementedViewManager
03-21 16:08:41.668 31567 31594 W unknown:ViewManagerPropertyUpdater: Could not find generated setter for class com.reactnativecommunity.checkbox.ReactCheckBoxManager
03-21 16:08:41.668 31567 31588 D         : createUnique: call
03-21 16:08:41.669 31567 31594 W unknown:ViewManagerPropertyUpdater: Could not find generated setter for class org.reactnative.maskedview.RNCMaskedViewManager
03-21 16:08:41.669 31567 31594 W unknown:ViewManagerPropertyUpdater: Could not find generated setter for class com.swmansion.gesturehandler.react.RNGestureHandlerRootViewManager
03-21 16:08:41.670 31567 31594 W unknown:ViewManagerPropertyUpdater: Could not find generated setter for class com.swmansion.gesturehandler.react.RNGestureHandlerButtonViewManager
03-21 16:08:41.672 31567 31588 D         : HostConnection::get() New Host Connection established 0xd2eb7a20, tid 31588
03-21 16:08:41.672 31567 31588 D         : HostComposition ext ANDROID_EMU_CHECKSUM_HELPER_v1 ANDROID_EMU_dma_v1 ANDROID_EMU_direct_mem ANDROID_EMU_host_composition_v1 ANDROID_EMU_host_composition_v2 ANDROID_EMU_vulkan ANDROID_EMU_deferred_vulkan_commands ANDROID_EMU_vulkan_create_resources_with_requirements ANDROID_EMU_async_unmap_buffer ANDROID_EMU_vulkan_free_memory_sync ANDROID_EMU_vulkan_shader_float16_int8 ANDROID_EMU_vulkan_async_queue_submit GL_OES_vertex_array_object GL_KHR_texture_compression_astc_ldr ANDROID_EMU_host_side_tracing ANDROID_EMU_async_frame_commands ANDROID_EMU_gles_max_version_2 
03-21 16:08:41.672 31567 31588 D eglCodecCommon: allocate: Ask for block of size 0x1000
03-21 16:08:41.672 31567 31588 D eglCodecCommon: allocate: ioctl allocate returned offset 0x3ff1da000 size 0x2000
03-21 16:08:41.673  1634  1750 D gralloc_ranchu: gralloc_alloc: Creating ashmem region of size 14749696
03-21 16:08:41.674 31567 31594 W unknown:ViewManagerPropertyUpdater: Could not find generated setter for class com.th3rdwave.safeareacontext.SafeAreaProviderManager
03-21 16:08:41.674 31567 31594 W unknown:ViewManagerPropertyUpdater: Could not find generated setter for class com.th3rdwave.safeareacontext.SafeAreaViewManager
03-21 16:08:41.675 31567 31594 W unknown:ViewManagerPropertyUpdater: Could not find generated setter for class com.th3rdwave.safeareacontext.k
03-21 16:08:41.675 31567 31594 W unknown:ViewManagerPropertyUpdater: Could not find generated setter for class com.swmansion.rnscreens.ScreenContainerViewManager
03-21 16:08:41.676 31567 31594 W unknown:ViewManagerPropertyUpdater: Could not find generated setter for class com.swmansion.rnscreens.ScreenViewManager
03-21 16:08:41.676 31567 31594 W unknown:ViewManagerPropertyUpdater: Could not find generated setter for class com.swmansion.rnscreens.ScreenStackViewManager
03-21 16:08:41.677 31567 31594 W unknown:ViewManagerPropertyUpdater: Could not find generated setter for class com.swmansion.rnscreens.ScreenStackHeaderConfigViewManager
03-21 16:08:41.678 31567 31594 W unknown:ViewManagerPropertyUpdater: Could not find generated setter for class com.swmansion.rnscreens.ScreenStackHeaderSubviewManager
03-21 16:08:41.680 31567 31594 D SoLoader: About to load: libyoga.so
03-21 16:08:41.680 31567 31594 D SoLoader: libyoga.so not found on /data/data/com.mafiaclassic/lib-main
03-21 16:08:41.680 31567 31594 D SoLoader: libyoga.so found on /data/app/com.mafiaclassic-sqRfRyc7yB221OxNZe6kEQ==/lib/x86
03-21 16:08:41.680 31567 31594 D SoLoader: Not resolving dependencies for libyoga.so
03-21 16:08:41.681 31567 31594 D SoLoader: Loaded: libyoga.so
03-21 16:08:41.685 31567 31588 D EGL_emulation: eglMakeCurrent: 0xd2eba860: ver 2 0 (tinfo 0xd2f5fef0)
03-21 16:08:41.685  1634  1634 D gralloc_ranchu: gralloc_alloc: Creating ashmem region of size 14749696
03-21 16:08:41.697 31567 31588 D eglCodecCommon: setVertexArrayObject: set vao to 0 (0) 1 0
03-21 16:08:41.702 31567 31594 D NetworkSecurityConfig: No Network Security Config specified, using platform default
03-21 16:08:41.716 31567 31594 D SoLoader: init exiting
03-21 16:08:41.720  1858  1885 I ActivityTaskManager: Displayed com.mafiaclassic/.MainActivity: +333ms
03-21 16:08:41.849  1989  2321 D EGL_emulation: eglMakeCurrent: 0xd631a960: ver 2 0 (tinfo 0xd630fae0)
03-21 16:08:41.854  2230  2605 D EGL_emulation: eglMakeCurrent: 0xd631a0c0: ver 2 0 (tinfo 0xd630f500)
03-21 16:08:41.925 31567 31593 I ReactNativeJS: Running "MafiaClassic" with {"rootTag":1}
03-21 16:08:42.084  1989  2321 D EGL_emulation: eglMakeCurrent: 0xd631a960: ver 2 0 (tinfo 0xd630fae0)
03-21 16:08:42.085 31567 31567 I ReactNative: [GESTURE HANDLER] Gesture handler is already enabled for a parent view
03-21 16:08:42.085 31567 31567 I ReactNative: [GESTURE HANDLER] Initialize gesture handler for root view com.swmansion.gesturehandler.react.a{adea43c V.E...... ......ID 0,0-1440,2220 #1}
03-21 16:08:42.088  1989  2321 D EGL_emulation: eglMakeCurrent: 0xd631a960: ver 2 0 (tinfo 0xd630fae0)
03-21 16:08:42.245  1989  2321 I chatty  : uid=10089(com.android.systemui) RenderThread identical 15 lines
03-21 16:08:42.260  1989  2321 D EGL_emulation: eglMakeCurrent: 0xd631a960: ver 2 0 (tinfo 0xd630fae0)
03-21 16:08:45.637  1621  3809 W audio_hw_generic: Not supplying enough data to HAL, expected position 197220605 , only wrote 197220587
03-21 16:08:45.674 31567 31593 E ReactNativeJS: TypeError: Object.values requires that input parameter not be null or undefined
03-21 16:08:45.674 31567 31593 E ReactNativeJS: 
03-21 16:08:45.674 31567 31593 E ReactNativeJS: This error is located at:
03-21 16:08:45.674 31567 31593 E ReactNativeJS:     in Unknown
03-21 16:08:45.674 31567 31593 E ReactNativeJS:     in RCTView
03-21 16:08:45.674 31567 31593 E ReactNativeJS:     in Unknown
03-21 16:08:45.674 31567 31593 E ReactNativeJS:     in Unknown
03-21 16:08:45.674 31567 31593 E ReactNativeJS:     in Unknown
03-21 16:08:45.674 31567 31593 E ReactNativeJS:     in Unknown
03-21 16:08:45.674 31567 31593 E ReactNativeJS:     in Unknown
03-21 16:08:45.674 31567 31593 E ReactNativeJS:     in Unknown
03-21 16:08:45.674 31567 31593 E ReactNativeJS:     in Unknown
03-21 16:08:45.674 31567 31593 E ReactNativeJS:     in RCTView
03-21 16:08:45.674 31567 31593 E ReactNativeJS:     in Unknown
03-21 16:08:45.674 31567 31593 E ReactNativeJS:     in RCTView
03-21 16:08:45.674 31567 31593 E ReactNativeJS:     in Unknown
03-21 16:08:45.674 31567 31593 E ReactNativeJS:     in RCTView
03-21 16:08:45.674 31567 31593 E ReactNativeJS:     in Unknown
03-21 16:08:45.674 31567 31593 E ReactNativeJS:     in Unknown
03-21 16:08:45.674 31567 31593 E ReactNativeJS:     in RCTView
03-21 16:08:45.674 31567 31593 E ReactNativeJS:     in Unknown
03-21 16:08:45.674 31567 31593 E ReactNativeJS:     in _
03-21 16:08:45.674 31567 31593 E ReactNativeJS:     in Unknown
03-21 16:08:45.674 31567 31593 E ReactNativeJS:     in PanGestureHandler
03-21 16:08:45.674 31567 31593 E ReactNativeJS:     in Unknown
03-21 16:08:45.674 31567 31593 E ReactNativeJS:     in RCTView
03-21 16:08:45.674 31567 31593 E ReactNativeJS:     in Unknown
03-21 16:08:45.674 31567 31593 E ReactNativeJS:     in _
03-21 16:08:45.674 31567 31593 E ReactNativeJS:     in Unknown
03-21 16:08:45.674 31567 31593 E ReactNativeJS:     in RCTView
03-21 16:08:45.674 31567 31593 E ReactNativeJS:     in Unknown
03-21 16:08:45.674 31567 31593 E ReactNativeJS:     in k
03-21 16:08:45.674 31567 31593 E ReactNativeJS:     in Unknown
03-21 16:08:45.674 31567 31593 E ReactNativeJS:     in RCTView
03-21 16:08:45.674 31567 31593 E ReactNativeJS:     in Unknown
03-21 16:08:45.674 31567 31593 E ReactNativeJS:     in Unknown
03-21 16:08:45.674 31567 31593 E ReactNativeJS:     in RCTView
03-21 16:08:45.674 31567 31593 E ReactNativeJS:     in Unknown
03-21 16:08:45.674 31567 31593 E ReactNativeJS:     in Unknown
03-21 16:08:45.674 31567 31593 E ReactNativeJS:     in D
03-21 16:08:45.674 31567 31593 E ReactNativeJS:     in h
03-21 16:08:45.674 31567 31593 E ReactNativeJS:     in RNCSafeAreaProvider
03-21 16:08:45.674 31567 31593 E ReactNativeJS:     in Unknown
03-21 16:08:45.674 31567 31593 E ReactNativeJS:     in Unknown
03-21 16:08:45.674 31567 31593 E ReactNativeJS:     in GestureHandlerRootView
03-21 16:08:45.674 31567 31593 E ReactNativeJS:     in Unknown
03-21 16:08:45.674 31567 31593 E ReactNativeJS:     in w
03-21 16:08:45.674 31567 31593 E ReactNativeJS:     in Unknown
03-21 16:08:45.674 31567 31593 E ReactNativeJS:     in Unknown
03-21 16:08:45.674 31567 31593 E ReactNativeJS:     in Unknown
03-21 16:08:45.674 31567 31593 E ReactNativeJS:     in Unknown
03-21 16:08:45.674 31567 31593 E ReactNativeJS:     in Unknown
03-21 16:08:45.674 31567 31593 E ReactNativeJS:     in Unknown
03-21 16:08:45.674 31567 31593 E ReactNativeJS:     in Unknown
03-21 16:08:45.674 31567 31593 E ReactNativeJS:     in RCTView
03-21 16:08:45.674 31567 31593 E ReactNativeJS:     in Unknown
03-21 16:08:45.674 31567 31593 E ReactNativeJS:     in RCTView
03-21 16:08:45.674 31567 31593 E ReactNativeJS:     in Unknown
03-21 16:08:45.674 31567 31593 E ReactNativeJS:     in C
03-21 16:08:45.677 31567 31593 E ReactNativeJS: TypeError: Object.values requires that input parameter not be null or undefined
03-21 16:08:45.677 31567 31593 E ReactNativeJS: 
03-21 16:08:45.677 31567 31593 E ReactNativeJS: This error is located at:
03-21 16:08:45.677 31567 31593 E ReactNativeJS:     in Unknown
03-21 16:08:45.677 31567 31593 E ReactNativeJS:     in RCTView
03-21 16:08:45.677 31567 31593 E ReactNativeJS:     in Unknown
03-21 16:08:45.677 31567 31593 E ReactNativeJS:     in Unknown
03-21 16:08:45.677 31567 31593 E ReactNativeJS:     in Unknown
03-21 16:08:45.677 31567 31593 E ReactNativeJS:     in Unknown
03-21 16:08:45.677 31567 31593 E ReactNativeJS:     in Unknown
03-21 16:08:45.677 31567 31593 E ReactNativeJS:     in Unknown
03-21 16:08:45.677 31567 31593 E ReactNativeJS:     in Unknown
03-21 16:08:45.677 31567 31593 E ReactNativeJS:     in RCTView
03-21 16:08:45.677 31567 31593 E ReactNativeJS:     in Unknown
03-21 16:08:45.677 31567 31593 E ReactNativeJS:     in RCTView
03-21 16:08:45.677 31567 31593 E ReactNativeJS:     in Unknown
03-21 16:08:45.677 31567 31593 E ReactNativeJS:     in RCTView
03-21 16:08:45.677 31567 31593 E ReactNativeJS:     in Unknown
03-21 16:08:45.677 31567 31593 E ReactNativeJS:     in Unknown
03-21 16:08:45.677 31567 31593 E ReactNativeJS:     in RCTView
03-21 16:08:45.677 31567 31593 E ReactNativeJS:     in Unknown
03-21 16:08:45.677 31567 31593 E ReactNativeJS:     in _
03-21 16:08:45.677 31567 31593 E ReactNativeJS:     in Unknown
03-21 16:08:45.677 31567 31593 E ReactNativeJS:     in PanGestureHandler
03-21 16:08:45.677 31567 31593 E ReactNativeJS:     in Unknown
03-21 16:08:45.677 31567 31593 E ReactNativeJS:     in RCTView
03-21 16:08:45.677 31567 31593 E ReactNativeJS:     in Unknown
03-21 16:08:45.677 31567 31593 E ReactNativeJS:     in _
03-21 16:08:45.677 31567 31593 E ReactNativeJS:     in Unknown
03-21 16:08:45.677 31567 31593 E ReactNativeJS:     in RCTView
03-21 16:08:45.677 31567 31593 E ReactNativeJS:     in Unknown
03-21 16:08:45.677 31567 31593 E ReactNativeJS:     in k
03-21 16:08:45.677 31567 31593 E ReactNativeJS:     in Unknown
03-21 16:08:45.677 31567 31593 E ReactNativeJS:     in RCTView
03-21 16:08:45.677 31567 31593 E ReactNativeJS:     in Unknown
03-21 16:08:45.677 31567 31593 E ReactNativeJS:     in Unknown
03-21 16:08:45.677 31567 31593 E ReactNativeJS:     in RCTView
03-21 16:08:45.677 31567 31593 E ReactNativeJS:     in Unknown
03-21 16:08:45.677 31567 31593 E ReactNativeJS:     in Unknown
03-21 16:08:45.677 31567 31593 E ReactNativeJS:     in D
03-21 16:08:45.677 31567 31593 E ReactNativeJS:     in h
03-21 16:08:45.677 31567 31593 E ReactNativeJS:     in RNCSafeAreaProvider
03-21 16:08:45.677 31567 31593 E ReactNativeJS:     in Unknown
03-21 16:08:45.677 31567 31593 E ReactNativeJS:     in Unknown
03-21 16:08:45.677 31567 31593 E ReactNativeJS:     in GestureHandlerRootView
03-21 16:08:45.677 31567 31593 E ReactNativeJS:     in Unknown
03-21 16:08:45.677 31567 31593 E ReactNativeJS:     in w
03-21 16:08:45.677 31567 31593 E ReactNativeJS:     in Unknown
03-21 16:08:45.677 31567 31593 E ReactNativeJS:     in Unknown
03-21 16:08:45.677 31567 31593 E ReactNativeJS:     in Unknown
03-21 16:08:45.677 31567 31593 E ReactNativeJS:     in Unknown
03-21 16:08:45.677 31567 31593 E ReactNativeJS:     in Unknown
03-21 16:08:45.677 31567 31593 E ReactNativeJS:     in Unknown
03-21 16:08:45.677 31567 31593 E ReactNativeJS:     in Unknown
03-21 16:08:45.677 31567 31593 E ReactNativeJS:     in RCTView
03-21 16:08:45.677 31567 31593 E ReactNativeJS:     in Unknown
03-21 16:08:45.677 31567 31593 E ReactNativeJS:     in RCTView
03-21 16:08:45.677 31567 31593 E ReactNativeJS:     in Unknown
03-21 16:08:45.677 31567 31593 E ReactNativeJS:     in C
03-21 16:08:45.685 31567 31594 E unknown:ReactNative: TypeError: Object.values requires that input parameter not be null or undefined
03-21 16:08:45.685 31567 31594 E unknown:ReactNative: 
03-21 16:08:45.685 31567 31594 E unknown:ReactNative: This error is located at:
03-21 16:08:45.685 31567 31594 E unknown:ReactNative:     in Unknown
03-21 16:08:45.685 31567 31594 E unknown:ReactNative:     in RCTView
03-21 16:08:45.685 31567 31594 E unknown:ReactNative:     in Unknown
03-21 16:08:45.685 31567 31594 E unknown:ReactNative:     in Unknown
03-21 16:08:45.685 31567 31594 E unknown:ReactNative:     in Unknown
03-21 16:08:45.685 31567 31594 E unknown:ReactNative:     in Unknown
03-21 16:08:45.685 31567 31594 E unknown:ReactNative:     in Unknown
03-21 16:08:45.685 31567 31594 E unknown:ReactNative:     in Unknown
03-21 16:08:45.685 31567 31594 E unknown:ReactNative:     in Unknown
03-21 16:08:45.685 31567 31594 E unknown:ReactNative:     in RCTView
03-21 16:08:45.685 31567 31594 E unknown:ReactNative:     in Unknown
03-21 16:08:45.685 31567 31594 E unknown:ReactNative:     in RCTView
03-21 16:08:45.685 31567 31594 E unknown:ReactNative:     in Unknown
03-21 16:08:45.685 31567 31594 E unknown:ReactNative:     in RCTView
03-21 16:08:45.685 31567 31594 E unknown:ReactNative:     in Unknown
03-21 16:08:45.685 31567 31594 E unknown:ReactNative:     in Unknown
03-21 16:08:45.685 31567 31594 E unknown:ReactNative:     in RCTView
03-21 16:08:45.685 31567 31594 E unknown:ReactNative:     in Unknown
03-21 16:08:45.685 31567 31594 E unknown:ReactNative:     in _
03-21 16:08:45.685 31567 31594 E unknown:ReactNative:     in Unknown
03-21 16:08:45.685 31567 31594 E unknown:ReactNative:     in PanGestureHandler
03-21 16:08:45.685 31567 31594 E unknown:ReactNative:     in Unknown
03-21 16:08:45.685 31567 31594 E unknown:ReactNative:     in RCTView
03-21 16:08:45.685 31567 31594 E unknown:ReactNative:     in Unknown
03-21 16:08:45.685 31567 31594 E unknown:ReactNative:     in _
03-21 16:08:45.685 31567 31594 E unknown:ReactNative:     in Unknown
03-21 16:08:45.685 31567 31594 E unknown:ReactNative:     in RCTView
03-21 16:08:45.685 31567 31594 E unknown:ReactNative:     in Unknown
03-21 16:08:45.685 31567 31594 E unknown:ReactNative:     in k
03-21 16:08:45.685 31567 31594 E unknown:ReactNative:     in Unknown
03-21 16:08:45.685 31567 31594 E unknown:ReactNative:     in RCTView
03-21 16:08:45.685 31567 31594 E unknown:ReactNative:     in Unknown
03-21 16:08:45.685 31567 31594 E unknown:ReactNative:     in Unknown
03-21 16:08:45.685 31567 31594 E unknown:ReactNative:     in RCTView
03-21 16:08:45.685 31567 31594 E unknown:ReactNative:     in Unknown
03-21 16:08:45.685 31567 31594 E unknown:ReactNative:     in Unknown
03-21 16:08:45.685 31567 31594 E unknown:ReactNative:     in D
03-21 16:08:45.685 31567 31594 E unknown:ReactNative:     in h
03-21 16:08:45.685 31567 31594 E unknown:ReactNative:     in RNCSafeAreaProvider
03-21 16:08:45.685 31567 31594 E unknown:ReactNative:     in Unknown
03-21 16:08:45.685 31567 31594 E unknown:ReactNative:     in Unknown
03-21 16:08:45.685 31567 31594 E unknown:ReactNative:     in GestureHandlerRootView
03-21 16:08:45.685 31567 31594 E unknown:ReactNative:     in Unknown
03-21 16:08:45.685 31567 31594 E unknown:ReactNative:     in w
03-21 16:08:45.685 31567 31594 E unknown:ReactNative:     in Unknown
03-21 16:08:45.685 31567 31594 E unknown:ReactNative:     in Unknown
03-21 16:08:45.685 31567 31594 E unknown:ReactNative:     in Unknown
03-21 16:08:45.685 31567 31594 E unknown:ReactNative:     in Unknown
03-21 16:08:45.685 31567 31594 E unknown:ReactNative:     in Unknown
03-21 16:08:45.685 31567 31594 E unknown:ReactNative:     in Unknown
03-21 16:08:45.685 31567 31594 E unknown:ReactNative:     in Unknown
03-21 16:08:45.685 31567 31594 E unknown:ReactNative:     in RCTView
03-21 16:08:45.685 31567 31594 E unknown:ReactNative:     in Unknown
03-21 16:08:45.685 31567 31594 E unknown:ReactNative:     in RCTView
03-21 16:08:45.685 31567 31594 E unknown:ReactNative:     in Unknown
03-21 16:08:45.685 31567 31594 E unknown:ReactNative:     in C, stack:
03-21 16:08:45.685 31567 31594 E unknown:ReactNative: values@-1
03-21 16:08:45.685 31567 31594 E unknown:ReactNative: default@463:121
03-21 16:08:45.685 31567 31594 E unknown:ReactNative: default@430:298
03-21 16:08:45.685 31567 31594 E unknown:ReactNative: wr@78:42102
03-21 16:08:45.685 31567 31594 E unknown:ReactNative: Hl@78:89853
03-21 16:08:45.685 31567 31594 E unknown:ReactNative: ja@78:79095
03-21 16:08:45.685 31567 31594 E unknown:ReactNative: Ba@78:78997
03-21 16:08:45.685 31567 31594 E unknown:ReactNative: Qa@78:78762
03-21 16:08:45.685 31567 31594 E unknown:ReactNative: Ia@78:75924
03-21 16:08:45.685 31567 31594 E unknown:ReactNative: Ia@-1
03-21 16:08:45.685 31567 31594 E unknown:ReactNative: <unknown>@78:26326
03-21 16:08:45.685 31567 31594 E unknown:ReactNative: unstable_runWithPriority@143:3806
03-21 16:08:45.685 31567 31594 E unknown:ReactNative: ht@78:26273
03-21 16:08:45.685 31567 31594 E unknown:ReactNative: pt@78:26208
03-21 16:08:45.685 31567 31594 E unknown:ReactNative: ke@78:93329
03-21 16:08:45.685 31567 31594 E unknown:ReactNative: _e@78:12979
03-21 16:08:45.685 31567 31594 E unknown:ReactNative: Re@78:13368
03-21 16:08:45.685 31567 31594 E unknown:ReactNative: receiveTouches@78:14167
03-21 16:08:45.685 31567 31594 E unknown:ReactNative: value@42:3469
03-21 16:08:45.685 31567 31594 E unknown:ReactNative: <unknown>@42:662
03-21 16:08:45.685 31567 31594 E unknown:ReactNative: value@42:2459
03-21 16:08:45.685 31567 31594 E unknown:ReactNative: value@42:634
03-21 16:08:45.685 31567 31594 E unknown:ReactNative: value@-1
--------- beginning of crash
03-21 16:08:45.693 31567 31594 E AndroidRuntime: FATAL EXCEPTION: mqt_native_modules
03-21 16:08:45.693 31567 31594 E AndroidRuntime: Process: com.mafiaclassic, PID: 31567
03-21 16:08:45.693 31567 31594 E AndroidRuntime: com.facebook.react.common.c: TypeError: Object.values requires that input parameter not be null or undefined
03-21 16:08:45.693 31567 31594 E AndroidRuntime: 
03-21 16:08:45.693 31567 31594 E AndroidRuntime: This error is located at:
03-21 16:08:45.693 31567 31594 E AndroidRuntime:     in Unknown
03-21 16:08:45.693 31567 31594 E AndroidRuntime:     in RCTView
03-21 16:08:45.693 31567 31594 E AndroidRuntime:     in Unknown
03-21 16:08:45.693 31567 31594 E AndroidRuntime:     in Unknown
03-21 16:08:45.693 31567 31594 E AndroidRuntime:     in Unknown
03-21 16:08:45.693 31567 31594 E AndroidRuntime:     in Unknown
03-21 16:08:45.693 31567 31594 E AndroidRuntime:     in Unknown
03-21 16:08:45.693 31567 31594 E AndroidRuntime:     in Unknown
03-21 16:08:45.693 31567 31594 E AndroidRuntime:     in Unknown
03-21 16:08:45.693 31567 31594 E AndroidRuntime:     in RCTView
03-21 16:08:45.693 31567 31594 E AndroidRuntime:     in Unknown
03-21 16:08:45.693 31567 31594 E AndroidRuntime:     in RCTView
03-21 16:08:45.693 31567 31594 E AndroidRuntime:     in Unknown
03-21 16:08:45.693 31567 31594 E AndroidRuntime:     in RCTView
03-21 16:08:45.693 31567 31594 E AndroidRuntime:     in Unknown
03-21 16:08:45.693 31567 31594 E AndroidRuntime:     in Unknown
03-21 16:08:45.693 31567 31594 E AndroidRuntime:     in RCTView
03-21 16:08:45.693 31567 31594 E AndroidRuntime:     in Unknown
03-21 16:08:45.693 31567 31594 E AndroidRuntime:     in _
03-21 16:08:45.693 31567 31594 E AndroidRuntime:     in Unknown
03-21 16:08:45.693 31567 31594 E AndroidRuntime:     in PanGestureHandler
03-21 16:08:45.693 31567 31594 E AndroidRuntime:     in Unknown
03-21 16:08:45.693 31567 31594 E AndroidRuntime:     in RCTView
03-21 16:08:45.693 31567 31594 E AndroidRuntime:     in Unknown
03-21 16:08:45.693 31567 31594 E AndroidRuntime:     in _
03-21 16:08:45.693 31567 31594 E AndroidRuntime:     in Unknown
03-21 16:08:45.693 31567 31594 E AndroidRuntime:     in RCTView
03-21 16:08:45.693 31567 31594 E AndroidRuntime:     in Unknown
03-21 16:08:45.693 31567 31594 E AndroidRuntime:     in k
03-21 16:08:45.693 31567 31594 E AndroidRuntime:     in Unknown
03-21 16:08:45.693 31567 31594 E AndroidRuntime:     in RCTView
03-21 16:08:45.693 31567 31594 E AndroidRuntime:     in Unknown
03-21 16:08:45.693 31567 31594 E AndroidRuntime:     in Unknown
03-21 16:08:45.693 31567 31594 E AndroidRuntime:     in RCTView
03-21 16:08:45.693 31567 31594 E AndroidRuntime:     in Unknown
03-21 16:08:45.693 31567 31594 E AndroidRuntime:     in Unknown
03-21 16:08:45.693 31567 31594 E AndroidRuntime:     in D
03-21 16:08:45.693 31567 31594 E AndroidRuntime:     in h
03-21 16:08:45.693 31567 31594 E AndroidRuntime:     in RNCSafeAreaProvider
03-21 16:08:45.693 31567 31594 E AndroidRuntime:     in Unknown
03-21 16:08:45.693 31567 31594 E AndroidRuntime:     in Unknown
03-21 16:08:45.693 31567 31594 E AndroidRuntime:     in GestureHandlerRootView
03-21 16:08:45.693 31567 31594 E AndroidRuntime:     in Unknown
03-21 16:08:45.693 31567 31594 E AndroidRuntime:     in w
03-21 16:08:45.693 31567 31594 E AndroidRuntime:     in Unknown
03-21 16:08:45.693 31567 31594 E AndroidRuntime:     in Unknown
03-21 16:08:45.693 31567 31594 E AndroidRuntime:     in Unknown
03-21 16:08:45.693 31567 31594 E AndroidRuntime:     in Unknown
03-21 16:08:45.693 31567 31594 E AndroidRuntime:     in Unknown
03-21 16:08:45.693 31567 31594 E AndroidRuntime:     in Unknown
03-21 16:08:45.693 31567 31594 E AndroidRuntime:     in Unknown
03-21 16:08:45.693 31567 31594 E AndroidRuntime:     in RCTView
03-21 16:08:45.693 31567 31594 E AndroidRuntime:     in Unknown
03-21 16:08:45.693 31567 31594 E AndroidRuntime:     in RCTView
03-21 16:08:45.693 31567 31594 E AndroidRuntime:     in Unknown
03-21 16:08:45.693 31567 31594 E AndroidRuntime:     in C, stack:
03-21 16:08:45.693 31567 31594 E AndroidRuntime: values@-1
03-21 16:08:45.693 31567 31594 E AndroidRuntime: default@463:121
03-21 16:08:45.693 31567 31594 E AndroidRuntime: default@430:298
03-21 16:08:45.693 31567 31594 E AndroidRuntime: wr@78:42102
03-21 16:08:45.693 31567 31594 E AndroidRuntime: Hl@78:89853
03-21 16:08:45.693 31567 31594 E AndroidRuntime: ja@78:79095
03-21 16:08:45.693 31567 31594 E AndroidRuntime: Ba@78:78997
03-21 16:08:45.693 31567 31594 E AndroidRuntime: Qa@78:78762
03-21 16:08:45.693 31567 31594 E AndroidRuntime: Ia@78:75924
03-21 16:08:45.693 31567 31594 E AndroidRuntime: Ia@-1
03-21 16:08:45.693 31567 31594 E AndroidRuntime: <unknown>@78:26326
03-21 16:08:45.693 31567 31594 E AndroidRuntime: unstable_runWithPriority@143:3806
03-21 16:08:45.693 31567 31594 E AndroidRuntime: ht@78:26273
03-21 16:08:45.693 31567 31594 E AndroidRuntime: pt@78:26208
03-21 16:08:45.693 31567 31594 E AndroidRuntime: ke@78:93329
03-21 16:08:45.693 31567 31594 E AndroidRuntime: _e@78:12979
03-21 16:08:45.693 31567 31594 E AndroidRuntime: Re@78:13368
03-21 16:08:45.693 31567 31594 E AndroidRuntime: receiveTouches@78:14167
03-21 16:08:45.693 31567 31594 E AndroidRuntime: value@42:3469
03-21 16:08:45.693 31567 31594 E AndroidRuntime: <unknown>@42:662
03-21 16:08:45.693 31567 31594 E AndroidRuntime: value@42:2459
03-21 16:08:45.693 31567 31594 E AndroidRuntime: value@42:634
03-21 16:08:45.693 31567 31594 E AndroidRuntime: value@-1
03-21 16:08:45.693 31567 31594 E AndroidRuntime: 
03-21 16:08:45.693 31567 31594 E AndroidRuntime: 	at com.facebook.react.modules.core.ExceptionsManagerModule.reportException(Unknown Source:134)
03-21 16:08:45.693 31567 31594 E AndroidRuntime: 	at java.lang.reflect.Method.invoke(Native Method)
03-21 16:08:45.693 31567 31594 E AndroidRuntime: 	at com.facebook.react.bridge.JavaMethodWrapper.invoke(Unknown Source:147)
03-21 16:08:45.693 31567 31594 E AndroidRuntime: 	at com.facebook.react.bridge.JavaModuleWrapper.invoke(Unknown Source:21)
03-21 16:08:45.693 31567 31594 E AndroidRuntime: 	at com.facebook.react.bridge.queue.NativeRunnable.run(Native Method)
03-21 16:08:45.693 31567 31594 E AndroidRuntime: 	at android.os.Handler.handleCallback(Handler.java:883)
03-21 16:08:45.693 31567 31594 E AndroidRuntime: 	at android.os.Handler.dispatchMessage(Handler.java:100)
03-21 16:08:45.693 31567 31594 E AndroidRuntime: 	at com.facebook.react.bridge.queue.MessageQueueThreadHandler.dispatchMessage(Unknown Source:0)
03-21 16:08:45.693 31567 31594 E AndroidRuntime: 	at android.os.Looper.loop(Looper.java:214)
03-21 16:08:45.693 31567 31594 E AndroidRuntime: 	at com.facebook.react.bridge.queue.MessageQueueThreadImpl$4.run(Unknown Source:37)
03-21 16:08:45.693 31567 31594 E AndroidRuntime: 	at java.lang.Thread.run(Thread.java:919)
--------- beginning of system
03-21 16:08:45.698  1858 31602 I DropBoxManagerService: add tag=data_app_crash isTagEnabled=true flags=0x2
03-21 16:08:45.698  1858  3216 W ActivityTaskManager:   Force finishing activity com.mafiaclassic/.MainActivity
03-21 16:08:45.705 31567 31594 I Process : Sending signal. PID: 31567 SIG: 9
03-21 16:08:45.726  1634  1634 D gralloc_ranchu: gralloc_alloc: Creating ashmem region of size 14749696
03-21 16:08:45.756  1858  1945 W InputDispatcher: channel '7a6c669 com.mafiaclassic/com.mafiaclassic.MainActivity (server)' ~ Consumer closed input channel or an error occurred.  events=0x9
03-21 16:08:45.757  1858  1945 E InputDispatcher: channel '7a6c669 com.mafiaclassic/com.mafiaclassic.MainActivity (server)' ~ Channel is unrecoverably broken and will be disposed!
03-21 16:08:45.761  1858 13987 I ActivityManager: Process com.mafiaclassic (pid 31567) has died: vis+99 TOP 
03-21 16:08:45.762  1858  1926 I WindowManager: WIN DEATH: Window{7a6c669 u0 com.mafiaclassic/com.mafiaclassic.MainActivity}
03-21 16:08:45.763  1858  1926 W InputDispatcher: Attempted to unregister already unregistered input channel '7a6c669 com.mafiaclassic/com.mafiaclassic.MainActivity (server)'
03-21 16:08:45.772  1858  1880 W ActivityManager: setHasOverlayUi called on unknown pid: 31567
03-21 16:08:45.775  1634  1634 D gralloc_ranchu: gralloc_alloc: Creating ashmem region of size 14749696
03-21 16:08:45.775  1616  1616 I Zygote  : Process 31567 exited due to signal 9 (Killed)
03-21 16:08:45.786  2230  2605 D EGL_emulation: eglMakeCurrent: 0xd631a0c0: ver 2 0 (tinfo 0xd630f500)
03-21 16:08:45.786  1634  1750 D gralloc_ranchu: gralloc_alloc: Creating ashmem region of size 14749696
03-21 16:08:45.803  1858  1888 I libprocessgroup: Successfully killed process cgroup uid 10144 pid 31567 in 41ms
03-21 16:08:45.837  1989  2321 D EGL_emulation: eglMakeCurrent: 0xd631a960: ver 2 0 (tinfo 0xd630fae0)
03-21 16:08:45.974  1989  2321 I chatty  : uid=10089(com.android.systemui) RenderThread identical 16 lines
03-21 16:08:45.988  1989  2321 D EGL_emulation: eglMakeCurrent: 0xd631a960: ver 2 0 (tinfo 0xd630fae0)
03-21 16:08:48.785  1621  1621 W audio_hw_generic: Not supplying enough data to HAL, expected position 197496338 , only wrote 197359397
